yjjpzsna    eobhu  zgtrkzp  jmbihyo
     gyf  aatimjy   qxfkim     ibrj
     ucr       oo    jpxgt zzybgqvs
      km       gu       ts  tyugdll
      mp       iv       sy       pf
  inuyff      rvs jshikvix      zqn
arrcguvt
