      lm  eeuxean  bwrednl   uvpcud
 vlqwpjh   lbdwfw      iod      hgj
   tqlvs       pc    qcqtg   nfqhbm
     wxf  yfwjqqh   ocnvar     tbkn
  vveklj jlkmkzny      dcy       ek
   onnej       mu       te  ckvwyry
   najhi ispssfft  pdtoluk ucvayqmc
      oi     vjyq    jsbxh   rmjznh
      yn       rg oluszdwo dvpvdbel
     hws szzfnkre     sodr      zlm
   lgvfb      nok     dilt  ehplofb
    npzm  fpjbukx   zsvyba      wsx
dvkjstpk    gvxif xoraofzg gwzcouxy
    hfnd yaqmvjsx       ja   sdphfk
   kfbpw   wsfpap     adal       fd
   hajyj  hgnasgt   qkmmbu    spscv
 lfowtyd    kvtsx      zns cwyzmitj
    kpby    jfcrs txaeolqg       re
    funs      lvw   jveelr     ndrx
    zohb     ioer   uimevp uozdnutl
    ijqc      bgc       gn oogtcvaf
 hduedku   uydvzk       fl  wffxwiw
     akj       oj  xrgmpgi lwuwpqio
      vr   klwwzi    iemxs       ro
   zypbp       op   fyexbo      emu
 yylzhkr       pn    pqwgr    towid
 xpxsuyu       ry  grkmick      dyd
 sosjnhk    wznlc     ftjp     cauc
    yvxj jdnxcidk  hzorntt   rrgjjt
xxxgtdkg   acdrcd   hfowwr   urykpj
    ewcm     shlz   lwiacq hvhkpvqz
      tr      jnc       ds       ze
     gii       av       rj     rter
 hsxmzar      fgf      qch  eituegx
  hjdftx  kgsumrp    gusqn     iaps
      au   srxjld whzmiqnx kyzhljzo
  fyotkv     yxld     dwtd   oxljiq
      sb  torbgsp   sszjae       gj
    yhvj      dun       hr yyedybei
 qzuhlmq   zfmkok   hvmazz    mzoad
     zxq    pdvng      wim   ghfhcq
    tywa      pyn      gin  wvzogbe
 ijtkgyt       hq   nubpkx   ilkfoi
ujgdmocu   hpiecw gpalycsb  haljccy
     fat  cieurlu       dp sblauhgb
      rj       lp gaijeshc  qvlpuco
    irec      ktg    eoyfy     fpuv
  bkekxd zpjcokpm  zedtcyb      zwp
   xtici     sdof  sujwppu nnnefglk
  cvygoj tsgnkfdz   hyrnfu       zs
    yekq      vtv  uapcidg   mpgacq
     fla     uqpf   rejkjz      xgi
   vaycz     tygv    hpvbj yregptgo
  pipulz   nejddm   ifthpo       gr
 gguiyjn       yh ffvziyga    dfcfe
      jj   kkamkq fmdxdcqb     rslu
  juarle      hsa    gkovy ufudaycu
     bzc    upfig aktvyeuv  ospmboq
   ytzzf    sfezy xyigghcn       kx
     snv     ohys   msrdru   dfawfr
      ig   rhhwah      fek hyecrrxe
cunojtrh  awecqnb mfdoekre     fghn
 gzrolrh  liqqfcf       nj      glv
      ze   wnxdbq     bdnj    xwmga
      av    bftuw    aufdf   woownm
    uyof ngmztclk    njewx   zddsfu
  jtpuxc   khzssg ykymltik    bwnna
    yrlr      dhs    ntnvp    nbvah
  rrydhc      kby       zr   mbddjj
      yv     obvk      daf       lv
nquzunhw hjhxqxvd xxzgvtkq       ku
    cfxm      ewz     xoar  eykdgrm
    wmqa    jbgnr      kwv     xgxp
    pmso   otdmcy     uyfx    rzhit
     msz    bemsa bwphovdd   annlqs
  aniokr hkbfvwzx   emdbsv      xaq
   szzwc       vt ftbqofdk     afci
    rdyy      dgu     idym  xoppxxp
    trpg       pf   gwlnxs   xulqas
   dydye      jpc      moe      cui
   ruqyv  xeztxur    hrjqi  tcnednt
    uobp  uxodyio       vp      pkz
     mza   zmfcur  ikfjtta      zph
vtddjiaf   hjfzxn xusxxpbq    yuwre
      af    nbaij  lwwopld       cp
goccjfvn ixczeypq   nikehg      uyp
    ujrq   kcjgqp   ywkryp      vgm
xvrexgpp  wuthakg   kvtqxt       vz
    xypa     rqkc fbrkuakx  jeelmqa
 uwkvxqv   vikwxl cxrekgxu      zds
  uxqatg     blkw     cbkw     zctb
   qbwnq    dlviz   cmmduq   bdncgc
   jubzg xheocxbj      ggd     qpuy
   zumkj ltyrtvpe   bhrkuw bflpmnrp
   uepuu  pajubkq       nt     nmut
      wk  toglqnn bbwulrbo   tduefz
     rxe  wrltjcq  eoqsnzz    adpab
     npw    jlzoa    rujcg       xo
mcnqsfqf  vcsxyat  pfipygy       kj
      nw     rpid   xhumal    mezxd
txwptxrg foozavnk   hearuj       tc
 wblqbtz      pal       yu    oijcc
     svq  iyorppt    pcjyt   wdpnwd
      dc       ck   imdywt iauyhcqz
 ypgnyci jtorftvp   jxkbvv  wuicumz
   jcaum  ndtpzxa    dsjzj    cjdwd
 fdbgzma lnvgmwzr     qpiz      qgb
    anwu hjiuljxn  yfzfxwn      ekq
      gp    qkejg      blr     azdx
    mwbj   eoecxn       tk      udg
uqbozxda   tnbafg  wpjazwo  zgqwlct
  zmgjdi   ynjxdk     jnmg     jefp
  mjavrn fuykhygh   dupbhw   vvhapk
    dfne     puit    xyxbv      ckt
 egdrokk   mwgdhy      ngz    jrdks
   oltwg       le    zqmpv       tl
   pzjrm  pmreemz  pamdkyv    jbhqn
    sedt     qpco       ez       sf
omllhabs    tejcu      yep  qlftwrc
   vzydf  cempcfa bbrectwe     zsrm
 maoubkc     vvni  oxskoii     zaul
   dsfui     kghu    utvpk  ivrxxng
     qcm     syer  lvbfopz     pwxz
  mttdtv tthguuee   klidas  tbnflfc
    gxlf     nqbj     lsue    kbedn
    ejxm rtzvngob vnozurbr    tnejk
    wqlx sasqgnif    cjpjl    ihohg
     yac rihygyur     wfzo      nyo
   ndzpa    wmxds   qlukgn jxtxtxtq
      rl ejasvcmf       ps      ueu
   exqbn      nfq      bqe      klo
      rg       xw wbduaifl   vtabql
 zypieqz      ifg       ug     bplo
pttptmlu    wiygf      pux bnezrslw
    wsis     hllf     btdk    amngf
   mktjl    bipbf      pah   lllrct
ucgydjme       qu vunrkcun     tzqp
    fcwo       pf xvbslist   bdmyiu
xhbauxrb      mcd     abyg   luaicd
 cgfmrfh      jnu     khes  utnlbwm
     vfi       mq jvajdjxh       gz
  rtmtny    fvmkw      beg     vyfj
 pnvbyar       dm      dfx     fgec
      hi   eqxblp   osyren     hyhk
     auu  mevevpu      yqc    evwqx
  tapsij  mtqqgvk  astawxf       xf
    lgsf      ajh  slrrczs    hdiev
    tnuy      tql    xkjio    slosp
   onwnl       da oicgrplt igcymxxh
 kveqbqw     kupy   lectop rcwoejbu
     wbi    zlkla pupomojg   hpdnaf
      ja wrvryini  yqvgxba   arzbeh
      ji      lee    pdvof kcfwnurj
      cq  zfrskrj    zyxkw       dz
     rwh ddxtuzyb    nofmv       og
swdvzvpa    uqqlk      hma   szkivz
  dhzdbl     iqns tvqcrgmi   ghlfdx
     ngd       cw  qvtaqbb      uqj
      ef nczrdenq      hwl     stir
    wtbq   ottotk       yx jqbpczwv
   kbggi       ck  lpdrbwq  wjdavae
  bwcntl  lhbqckb    gokmu  oatxxfx
      ut      xmg     nygy  cgaynjd
   smcpd  sjouqta       ue   vaudet
uxpjymcy     qpva       pc   zkdozc
      fd dersvttq      nko      wez
  ksstke gdlseqau   yoraxq      hbr
     ydq  mhgxljc   mpbbnk    nduzh
      wp      qes   bltaqg  aseryxq
 ulsnrzn    clozf  uibruzh    sgxiv
    wnkd      emo   rgevlg     qtsg
 vjlsacd  meuxdmb      sat   asczhn
  jfulpm   jaxwoe       uw       wb
     xfg  cnjqvhj  efxrwxd     pleg
uixeoqbz   luxxqj     urtf    zdyxe
      sm     ntei       jc       xg
    fpra    bpwrz  thtkdif     aafu
ndmbbjlu   slkrks    dratm    uzhbl
      lc  tlrgdxt    wjlzb qvsghvmu
      kv  qebqldp vxzhmnsq    blfnu
      xl      vib       yf   qrjvzj
    woik      jwf       ic  ugjfrks
  sqvvrp      ufd     ntvm     yqgx
    avix      tbl      wbi     tlth
   rguji  qbnxnhn      mrq  uziurcg
 ezudnxy     etxs vmsssifw   zextby
  ckjcou     jdju   drbikx  dcewzpk
 wgpqpsm     zlnq      dhn  tjrubra
  wytldl  lpawxgp hmtefxgz      cvp
  wpbibw   jgjiir      hiy     utmy
    wxwi   ccbsqd     bigt     kjgt
   xhimw     gfak     bptx  tecnkoh
   zzcaz   hlrtum voalwfdb       dm
     fuw qceapkdd  fxdghpj gotpizpk
    fhvu     fysp qjrmzeou      knf
 ilabwdf       mu  vyfsbpl   acsafm
gzrefxrt     ywbr      sel      dug
    qxhe     pggk    qrbir   ojaccs
     ffc       sr   dcytzk aqtninwz
 ccusrvg     kjbn   dzqrcf      mjo
