Frame  1: (10/ -) 20  20 (Strike)
Frame  2: ( 6/ 4) 17  37 ( Spare)
Frame  3: ( 7/ 3) 20  57 ( Spare)
Frame  4: (10/ -) 20  77 (Strike)
Frame  5: ( 9/ 1) 17  94 ( Spare)
Frame  6: ( 7/ 3) 20 114 ( Spare)
Frame  7: (10/ -) 20 134 (Strike)
Frame  8: ( 9/ 1) 15 149 ( Spare)
Frame  9: ( 5/ 5) 18 167 ( Spare)
Frame 10: ( 8/ 2) 18 185 ( Spare) (+8)
