 embzorr
lpdrypqw
    xeki
  yrlqur
      yx
 gmougmz
    oyvl
sjqqtzcx
