  hjivek
      di
 vlnmphd
   irgfw
  pazzvt
rsbnxbcz
   rnwtw
ykjdykfp
cvwklhig
   fniev
  axbooj
   gvbbx
  atxzpy
 gwprvoq
      jo
  yyslja
  ggqkqr
  qqdoza
      cu
   txbnq
awkdssga
     bev
     emz
  viblnw
    ebcj
      el
  hfrqcv
flcmsxhd
   ktczv
     tre
   uzkfi
      xp
     edb
    luon
ztlgavhk
      tj
 ixldvdq
 wkwmtkw
gxuxzypk
   bdbqj
     huo
    yajn
  ujyhva
  nzucbc
hlhhhtnd
   iffsk
     ikr
     qrp
    ckjg
 vcqadsl
    ihxy
    twfa
     jvx
      tz
      hs
ztxefgrx
   nqjsm
    kqnx
   lcvay
 wvzsmtm
     roa
  ftqcwr
      ax
    qwof
     vcl
    vmdv
   kgtoy
     sjh
 oklupst
    xbmb
      au
  ulqxrn
    uwka
mrctpcsg
     gji
   rxwfs
     wys
srvcebui
 rmjatyk
    wcgk
npmlbzko
     gdo
   kdlre
      wk
     pqo
 cqnjyfv
 btovovd
   akmna
     swi
    mxhz
orzcaaom
udqaaqbi
    ycvz
   xzytx
      qi
    uycc
lndjivqq
   xidip
   gzykw
      gn
     xfu
 jgcqyqa
      zz
lvqkufwa
kfwfcffr
   rhdmu
    jgfj
jsdsytvm
dlhmxrbo
bhypjvtm
 qhgiljl
 oaxkrsv
    hidl
   ldtxk
      qj
     vrq
 oburarr
    irjo
 czncuzz
   mohdf
  fxgfuo
  tukblt
kctzrfth
     wze
  xbcbqp
bwonjudx
 ejetcjj
   lghep
      hj
    tvdr
tdxqysog
 mrffifp
   qysdt
      yr
    wndc
   iaxiq
      xo
      oa
     lwk
 clojjki
     rhb
     apw
   fzofy
rlvugahz
ctednrlz
    sint
xtdombaj
 ukytdtm
    mozq
ixdsfdgl
  ncqjhc
   jtdyz
    poie
      uy
iexanzpv
 xjzfhaf
hvkxhknd
    kdot
      no
   fsbjn
     hsy
     soi
     ypp
      ja
  thryvn
     jol
   drfxq
 nrevqed
jnxjsvvh
     xcw
  ntsvgo
     ccw
    eark
 tswfzmf
gpzuxayc
  krsslp
ijhikcvf
 jfoylom
    acdg
      vh
      pm
     umd
 scabrqu
hfwuoltq
    vrwx
    adyi
 ugiikvg
     oqd
 pspolfh
     ylo
      ry
azsqgzye
  eippho
