a
a
a
a
a
ab
ac
ac
ae
af
al
am
an
ao
as
as
av
ay
az
az
b
b
b
b
b
bb
be
bh
bl
bl
bl
bn
by
c
c
c
c
c
c
c
c
c
c
c
ca
cf
cf
cg
ch
cr
cw
cx
d
d
d
d
d
d
d
db
db
dc
df
dg
di
dm
do
dr
ds
dx
dy
e
e
e
e
e
e
e
e
e
e
e
e
e
ec
ec
ee
ee
ek
en
en
ep
er
et
ew
ew
ey
f
f
f
f
f
fc
fe
fh
fi
fi
fi
fl
fm
fn
fs
ft
fu
fv
fy
g
g
g
g
g
g
g
g
g
g
g
g
gd
gi
gj
gp
gs
gv
gx
gz
h
h
h
h
h
h
h
h
he
hi
ho
hr
hz
hz
i
i
i
i
i
i
i
i
i
ia
ig
ii
im
is
iu
iw
iw
j
j
j
j
j
j
j
j
j
j
jb
je
jf
ji
jj
jq
jq
ju
jx
jy
k
k
k
k
k
k
k
k
k
kb
kd
ki
kn
kq
ks
kw
ky
ky
kz
l
l
l
l
l
l
l
l
l
la
lc
ld
lk
lm
ln
lp
lx
lz
m
m
m
m
m
m
m
m
m
m
m
m
ma
md
mf
mg
mj
mk
mq
mq
mr
mw
mx
mz
n
n
n
n
n
n
n
ni
o
o
o
o
o
o
o
o
o
oa
ob
ob
of
og
oh
oi
ol
om
on
oo
oq
or
or
os
p
p
p
p
p
p
pa
pe
pf
pf
pj
pp
pq
ps
ps
pw
pw
px
q
q
q
q
q
q
qc
qd
qe
qe
ql
qu
qv
qw
qy
qz
r
r
r
r
r
r
r
rl
rp
rr
rt
ru
rv
rw
s
s
s
s
s
s
s
se
sj
sn
t
t
t
t
t
t
t
t
t
t
tc
tg
th
ti
tj
tt
ty
tz
u
u
u
u
u
u
u
ug
uh
up
up
ur
uu
uu
v
v
v
v
v
v
v
v
v
v
v
v
v
v
v
vd
vf
vh
vl
vn
vp
vp
vs
vy
w
w
w
w
w
w
w
w
w
w
wb
wb
wc
wd
we
wj
wo
wo
wr
wr
wr
wt
wv
x
x
x
x
x
x
x
x
x
x
x
x
x
xe
xf
xg
xg
xi
xj
xk
xm
xo
xw
y
y
y
y
y
y
y
y
yb
yc
yc
yd
yg
ym
yu
yu
yv
yw
yy
z
z
z
z
z
z
zb
zh
zh
zj
zk
zn
zp
zr
zr
zv
