a
a
a
a
a
a
a
a
a
a
a
a
a
aa
ab
ab
ac
ae
ae
ae
ah
ah
an
an
ap
aq
ar
au
au
aw
ay
ay
b
b
b
b
b
b
b
b
b
b
b
b
b
b
bb
bh
bm
bo
bo
bt
bv
bw
c
c
c
c
c
c
c
c
c
c
c
c
c
cb
cb
cb
cb
cd
cg
cg
ch
ck
ck
cm
cm
cn
cn
co
co
cq
cq
cw
cw
cy
cy
d
d
d
d
d
d
d
d
d
d
d
d
d
d
da
db
db
db
dd
dd
di
dj
dk
dk
dr
du
dv
dv
dz
dz
e
e
e
e
e
e
e
e
e
e
e
e
e
ea
eb
ed
ee
ee
eh
eh
el
em
es
ev
ex
ey
f
f
f
f
f
f
f
f
f
f
f
fa
fa
fc
fg
fj
fk
fl
fo
fo
fo
fr
fw
fy
g
g
g
g
g
g
g
g
g
g
g
g
g
ga
gb
gc
gf
gf
gg
gg
gj
gj
gj
gk
gk
gl
gr
gr
gr
gs
gt
gw
gw
gz
gz
h
h
h
h
h
h
h
h
h
h
h
h
ha
ha
hg
hi
hm
hn
ho
hp
hr
hr
i
i
i
i
i
i
i
i
ic
ie
ig
ih
ih
ij
ij
il
im
in
it
iw
iw
iy
iy
j
j
j
j
j
j
j
j
j
j
j
j
j
j
j
jb
jb
ji
ji
jj
jl
jm
jm
jn
js
jt
jv
jx
jx
jy
jz
k
k
k
k
k
k
k
k
k
k
k
ka
ka
kc
kc
kf
kf
kg
kg
kj
kk
km
km
ks
ks
kv
kx
ky
ky
kz
kz
l
l
l
l
l
l
l
l
l
l
l
l
l
ld
ld
lh
li
lj
ll
lo
lp
lq
lr
ls
ls
ls
lu
lv
lv
lx
lx
ly
m
m
m
m
m
m
m
m
m
mb
mc
md
ml
mo
mq
mr
mr
mr
mw
my
my
n
n
n
n
n
n
n
n
n
n
na
nd
ne
ng
nj
nl
nm
nn
np
np
nq
nq
nr
nr
ns
nu
nu
nw
nw
nw
nx
ny
nz
o
o
o
o
o
o
o
o
o
o
o
o
o
o
o
oa
oa
oc
oc
oe
oi
oi
ok
ol
ol
ol
om
om
op
op
os
os
ot
ox
oz
p
p
p
p
p
p
p
p
p
p
p
p
p
p
p
p
p
p
p
p
p
pa
pc
pd
pe
pj
pk
pl
pp
pr
ps
ps
pu
pv
pw
px
py
pz
pz
q
q
q
q
q
q
q
q
q
q
q
q
q
q
q
q
q
q
q
qa
qe
qf
qf
qg
qk
qm
qn
qo
qo
qp
qu
qv
r
r
r
r
r
r
r
r
r
r
r
r
r
r
r
r
r
ra
rb
rb
rb
rc
rc
rg
ri
ri
rj
rp
rp
rr
ru
rv
rv
rw
rw
ry
s
s
s
s
s
s
s
s
s
s
s
s
s
s
sd
sf
sf
si
sl
sl
sm
sn
sr
ss
ss
st
su
su
sv
sz
sz
t
t
t
t
t
t
t
t
t
t
t
t
t
t
t
t
t
t
t
t
tc
td
tj
tm
tp
tq
tr
tt
tu
tu
tu
tv
tw
tw
u
u
u
u
u
u
ua
ub
ud
ue
uf
ui
uj
uj
ur
ur
ur
uy
v
v
v
v
v
v
v
v
v
v
v
v
v
vd
vd
ve
vk
vm
vo
vr
vr
w
w
w
w
w
w
w
w
w
w
w
wa
wc
we
wg
wh
wi
wu
wv
wx
wy
x
x
x
x
x
x
x
x
x
x
x
x
x
x
x
x
x
x
x
x
xa
xd
xd
xf
xl
xm
xn
xr
xs
xs
xt
xt
xt
xx
xz
y
y
y
y
y
y
y
y
y
y
y
y
y
y
y
y
y
y
ye
ym
ym
yn
yn
yq
yq
ys
ys
yt
yt
yu
yw
yx
yx
yz
yz
z
z
z
z
z
z
z
z
z
za
zb
zd
zd
ze
ze
zg
zh
zj
zk
zl
zm
zn
zo
zo
zt
zu
zu
zx
zx
zy
zz
