(-6((((-9(-12-))15-)17(-24-))26(-27(-28-))))
Insert 10
(-6((((-9((-10-)12-))15-)17(-24-))26(-27(-28-))))
