((-2((-3(-5-))7(-10((-11-)13-))))15((-15((-18-)19(-19-)))22(-22-)))
Insert 10
((-2((-3(-5-))7(-10(((-10-)11-)13-))))15((-15((-18-)19(-19-)))22(-22-)))
