(((-0(-0((-2-)4-)))5(((((-6-)7(-11-))12-)15-)17(-19(-19(-22(-22-))))))23(((-23-)26-)28-))
Insert 10
(((-0(-0((-2-)4-)))5(((((-6-)7((-10-)11-))12-)15-)17(-19(-19(-22(-22-))))))23(((-23-)26-)28-))
