((-0-)1(((-1-)2((-2-)3(-4(-5-))))6((-6-)7(-7((-7(((-7(-8-))10-)11(-11-)))13((-15(((-16-)17(-17-))19(-19(((-19(-19-))20-)21-))))22(-22(((-22-)24(-27-))28(-29(-29-))))))))))
Insert 10
((-0-)1(((-1-)2((-2-)3(-4(-5-))))6((-6-)7(-7((-7(((-7(-8-))10(-10-))11(-11-)))13((-15(((-16-)17(-17-))19(-19(((-19(-19-))20-)21-))))22(-22(((-22-)24(-27-))28(-29(-29-))))))))))
