(((46-80)+(72-83))*((75*80)*(2*7)))
(46-80+(72-83))*(75*80*(2*7))
