(((46*56)-(40-40))-((40+81)*(56-65)))
46*56-(40-40)-(40+81)*(56-65)
