((31-20)-((84+35)+(29-83)))
31-20-(84+35+(29-83))
