43 69 - 49 8 + - 87 53 18 - * *
(((43-69)-(49+8))*(87*(53-18)))
