77 70 * 50 - 65 15 + 27 1 - + -
(((77*70)-50)-((65+15)+(27-1)))
