36 16 + 16 2 - + 86 3 100 + - -
(((36+16)+(16-2))-(86-(3+100)))
