83 66 - 34 15 - - 63 28 * 63 44 * - -
(((83-66)-(34-15))-((63*28)-(63*44)))
