94 74 78 - * 23 57 * 44 53 + * +
((94*(74-78))+((23*57)*(44+53)))
