3713 (audit=1)
5132 (audit=1)
1829 (audit=1)
9895 (audit=1)
