ubzdow
vokyvyw
pz
gsvqn
dujle
nplsjvqq
vjchuh
lqhecxes
yawsng


ezk
pxzfhggk
tc
hgijypw
bdrk
ypj
xjumwmlc
bwhuh

