((-2((-4-)5-))8(((-11((-12((-12-)13(-13-)))15(-15(-15-))))17(-17-))21(-22(((-23(-23(-25-)))26-)28-))))
Delete 8
((-2((-4-)5-))11((((-12((-12-)13(-13-)))15(-15(-15-)))17(-17-))21(-22(((-23(-23(-25-)))26-)28-))))
Delete 11
((-2((-4-)5-))12(((((-12-)13(-13-))15(-15(-15-)))17(-17-))21(-22(((-23(-23(-25-)))26-)28-))))
Delete 28
((-2((-4-)5-))12(((((-12-)13(-13-))15(-15(-15-)))17(-17-))21(-22((-23(-23(-25-)))26-))))
Delete 17
((-2((-4-)5-))12(((((-12-)13(-13-))15(-15(-15-)))17-)21(-22((-23(-23(-25-)))26-))))
Delete 23
((-2((-4-)5-))12(((((-12-)13(-13-))15(-15(-15-)))17-)21(-22((-23(-25-))26-))))
Delete 25
((-2((-4-)5-))12(((((-12-)13(-13-))15(-15(-15-)))17-)21(-22((-23-)26-))))
Delete 17
((-2((-4-)5-))12((((-12-)13(-13-))15(-15(-15-)))21(-22((-23-)26-))))
Delete 12
((-2((-4-)5-))12(((-13(-13-))15(-15(-15-)))21(-22((-23-)26-))))
Delete 26
((-2((-4-)5-))12(((-13(-13-))15(-15(-15-)))21(-22(-23-))))
Delete 12
((-2((-4-)5-))13(((-13-)15(-15(-15-)))21(-22(-23-))))
Delete 4
((-2(-5-))13(((-13-)15(-15(-15-)))21(-22(-23-))))
Delete 2
((-5-)13(((-13-)15(-15(-15-)))21(-22(-23-))))
Delete 15
((-5-)13(((-13-)15(-15-))21(-22(-23-))))
Delete 13
((-5-)13((-15(-15-))21(-22(-23-))))
Delete 15
((-5-)13((-15-)21(-22(-23-))))
Delete 5
(-13((-15-)21(-22(-23-))))
Delete 21
(-13((-15-)22(-23-)))
Delete 22
(-13((-15-)23-))
Delete 13
((-15-)23-)
Delete 23
(-15-)
Delete 15
NULL
