(((-2-)3((-3(-4-))5-))6(((((-6-)10-)12-)13((-13(-14-))15(-15(-15-))))16((((-16(-17(((-17-)18(-19-))21(-21-))))22(-22(-22(-24-))))25(-25(-25-)))28(-28(-28-)))))
Delete 6
(((-2-)3((-3(-4-))5-))6((((-10-)12-)13((-13(-14-))15(-15(-15-))))16((((-16(-17(((-17-)18(-19-))21(-21-))))22(-22(-22(-24-))))25(-25(-25-)))28(-28(-28-)))))
Delete 17
(((-2-)3((-3(-4-))5-))6((((-10-)12-)13((-13(-14-))15(-15(-15-))))16((((-16(((-17-)18(-19-))21(-21-)))22(-22(-22(-24-))))25(-25(-25-)))28(-28(-28-)))))
Delete 21
(((-2-)3((-3(-4-))5-))6((((-10-)12-)13((-13(-14-))15(-15(-15-))))16((((-16(((-17-)18(-19-))21-))22(-22(-22(-24-))))25(-25(-25-)))28(-28(-28-)))))
Delete 2
((-3((-3(-4-))5-))6((((-10-)12-)13((-13(-14-))15(-15(-15-))))16((((-16(((-17-)18(-19-))21-))22(-22(-22(-24-))))25(-25(-25-)))28(-28(-28-)))))
Delete 17
((-3((-3(-4-))5-))6((((-10-)12-)13((-13(-14-))15(-15(-15-))))16((((-16((-18(-19-))21-))22(-22(-22(-24-))))25(-25(-25-)))28(-28(-28-)))))
Delete 22
((-3((-3(-4-))5-))6((((-10-)12-)13((-13(-14-))15(-15(-15-))))16((((-16((-18(-19-))21-))22(-22(-24-)))25(-25(-25-)))28(-28(-28-)))))
Delete 15
((-3((-3(-4-))5-))6((((-10-)12-)13((-13(-14-))15(-15-)))16((((-16((-18(-19-))21-))22(-22(-24-)))25(-25(-25-)))28(-28(-28-)))))
Delete 24
((-3((-3(-4-))5-))6((((-10-)12-)13((-13(-14-))15(-15-)))16((((-16((-18(-19-))21-))22(-22-))25(-25(-25-)))28(-28(-28-)))))
Delete 19
((-3((-3(-4-))5-))6((((-10-)12-)13((-13(-14-))15(-15-)))16((((-16((-18-)21-))22(-22-))25(-25(-25-)))28(-28(-28-)))))
Delete 22
((-3((-3(-4-))5-))6((((-10-)12-)13((-13(-14-))15(-15-)))16((((-16((-18-)21-))22-)25(-25(-25-)))28(-28(-28-)))))
Delete 21
((-3((-3(-4-))5-))6((((-10-)12-)13((-13(-14-))15(-15-)))16((((-16(-18-))22-)25(-25(-25-)))28(-28(-28-)))))
Delete 10
((-3((-3(-4-))5-))6(((-12-)13((-13(-14-))15(-15-)))16((((-16(-18-))22-)25(-25(-25-)))28(-28(-28-)))))
Delete 3
(((-3(-4-))5-)6(((-12-)13((-13(-14-))15(-15-)))16((((-16(-18-))22-)25(-25(-25-)))28(-28(-28-)))))
Delete 16
(((-3(-4-))5-)6(((-12-)13((-13(-14-))15(-15-)))16((((-18-)22-)25(-25(-25-)))28(-28(-28-)))))
Delete 25
(((-3(-4-))5-)6(((-12-)13((-13(-14-))15(-15-)))16((((-18-)22-)25(-25-))28(-28(-28-)))))
Delete 28
(((-3(-4-))5-)6(((-12-)13((-13(-14-))15(-15-)))16((((-18-)22-)25(-25-))28(-28-))))
Delete 4
(((-3-)5-)6(((-12-)13((-13(-14-))15(-15-)))16((((-18-)22-)25(-25-))28(-28-))))
Delete 3
((-5-)6(((-12-)13((-13(-14-))15(-15-)))16((((-18-)22-)25(-25-))28(-28-))))
Delete 15
((-5-)6(((-12-)13((-13(-14-))15-))16((((-18-)22-)25(-25-))28(-28-))))
Delete 28
((-5-)6(((-12-)13((-13(-14-))15-))16((((-18-)22-)25(-25-))28-)))
Delete 28
((-5-)6(((-12-)13((-13(-14-))15-))16(((-18-)22-)25(-25-))))
Delete 14
((-5-)6(((-12-)13((-13-)15-))16(((-18-)22-)25(-25-))))
Delete 18
((-5-)6(((-12-)13((-13-)15-))16((-22-)25(-25-))))
Delete 15
((-5-)6(((-12-)13(-13-))16((-22-)25(-25-))))
Delete 16
((-5-)6(((-12-)13(-13-))22(-25(-25-))))
Delete 25
((-5-)6(((-12-)13(-13-))22(-25-)))
Delete 13
((-5-)6(((-12-)13-)22(-25-)))
Delete 22
((-5-)6(((-12-)13-)25-))
Delete 13
((-5-)6((-12-)25-))
Delete 25
((-5-)6(-12-))
Delete 6
((-5-)12-)
Delete 5
(-12-)
Delete 12
NULL
