(((((-0(-0((-0-)1(-2-))))3((-3(-3(-3(-3-))))4(-4-)))5(((-5(-5-))6(-6-))7(-8(-8(-8(-8-))))))9(((-9-)10(((-10-)11((-11-)12-))13(-13-)))14(-15(-15-))))16((-18(-19((-20(-20-))21-)))22(((-22(-22((-22(-23-))24-)))25((-25(-26-))27-))29(-29-))))
Delete 16
(((((-0(-0((-0-)1(-2-))))3((-3(-3(-3(-3-))))4(-4-)))5(((-5(-5-))6(-6-))7(-8(-8(-8(-8-))))))9(((-9-)10(((-10-)11((-11-)12-))13(-13-)))14(-15(-15-))))18((-19((-20(-20-))21-))22(((-22(-22((-22(-23-))24-)))25((-25(-26-))27-))29(-29-))))
Delete 3
(((((-0(-0((-0-)1(-2-))))3((-3(-3(-3-)))4(-4-)))5(((-5(-5-))6(-6-))7(-8(-8(-8(-8-))))))9(((-9-)10(((-10-)11((-11-)12-))13(-13-)))14(-15(-15-))))18((-19((-20(-20-))21-))22(((-22(-22((-22(-23-))24-)))25((-25(-26-))27-))29(-29-))))
Delete 26
(((((-0(-0((-0-)1(-2-))))3((-3(-3(-3-)))4(-4-)))5(((-5(-5-))6(-6-))7(-8(-8(-8(-8-))))))9(((-9-)10(((-10-)11((-11-)12-))13(-13-)))14(-15(-15-))))18((-19((-20(-20-))21-))22(((-22(-22((-22(-23-))24-)))25((-25-)27-))29(-29-))))
Delete 4
(((((-0(-0((-0-)1(-2-))))3((-3(-3(-3-)))4-))5(((-5(-5-))6(-6-))7(-8(-8(-8(-8-))))))9(((-9-)10(((-10-)11((-11-)12-))13(-13-)))14(-15(-15-))))18((-19((-20(-20-))21-))22(((-22(-22((-22(-23-))24-)))25((-25-)27-))29(-29-))))
Delete 2
(((((-0(-0((-0-)1-)))3((-3(-3(-3-)))4-))5(((-5(-5-))6(-6-))7(-8(-8(-8(-8-))))))9(((-9-)10(((-10-)11((-11-)12-))13(-13-)))14(-15(-15-))))18((-19((-20(-20-))21-))22(((-22(-22((-22(-23-))24-)))25((-25-)27-))29(-29-))))
Delete 21
(((((-0(-0((-0-)1-)))3((-3(-3(-3-)))4-))5(((-5(-5-))6(-6-))7(-8(-8(-8(-8-))))))9(((-9-)10(((-10-)11((-11-)12-))13(-13-)))14(-15(-15-))))18((-19(-20(-20-)))22(((-22(-22((-22(-23-))24-)))25((-25-)27-))29(-29-))))
Delete 11
(((((-0(-0((-0-)1-)))3((-3(-3(-3-)))4-))5(((-5(-5-))6(-6-))7(-8(-8(-8(-8-))))))9(((-9-)10(((-10-)11(-12-))13(-13-)))14(-15(-15-))))18((-19(-20(-20-)))22(((-22(-22((-22(-23-))24-)))25((-25-)27-))29(-29-))))
Delete 22
(((((-0(-0((-0-)1-)))3((-3(-3(-3-)))4-))5(((-5(-5-))6(-6-))7(-8(-8(-8(-8-))))))9(((-9-)10(((-10-)11(-12-))13(-13-)))14(-15(-15-))))18((-19(-20(-20-)))22(((-22((-22(-23-))24-))25((-25-)27-))29(-29-))))
Delete 25
(((((-0(-0((-0-)1-)))3((-3(-3(-3-)))4-))5(((-5(-5-))6(-6-))7(-8(-8(-8(-8-))))))9(((-9-)10(((-10-)11(-12-))13(-13-)))14(-15(-15-))))18((-19(-20(-20-)))22(((-22((-22(-23-))24-))25(-27-))29(-29-))))
Delete 15
(((((-0(-0((-0-)1-)))3((-3(-3(-3-)))4-))5(((-5(-5-))6(-6-))7(-8(-8(-8(-8-))))))9(((-9-)10(((-10-)11(-12-))13(-13-)))14(-15-)))18((-19(-20(-20-)))22(((-22((-22(-23-))24-))25(-27-))29(-29-))))
Delete 23
(((((-0(-0((-0-)1-)))3((-3(-3(-3-)))4-))5(((-5(-5-))6(-6-))7(-8(-8(-8(-8-))))))9(((-9-)10(((-10-)11(-12-))13(-13-)))14(-15-)))18((-19(-20(-20-)))22(((-22((-22-)24-))25(-27-))29(-29-))))
Delete 25
(((((-0(-0((-0-)1-)))3((-3(-3(-3-)))4-))5(((-5(-5-))6(-6-))7(-8(-8(-8(-8-))))))9(((-9-)10(((-10-)11(-12-))13(-13-)))14(-15-)))18((-19(-20(-20-)))22(((-22((-22-)24-))27-)29(-29-))))
Delete 5
(((((-0(-0((-0-)1-)))3((-3(-3(-3-)))4-))5(((-5-)6(-6-))7(-8(-8(-8(-8-))))))9(((-9-)10(((-10-)11(-12-))13(-13-)))14(-15-)))18((-19(-20(-20-)))22(((-22((-22-)24-))27-)29(-29-))))
Delete 18
(((((-0(-0((-0-)1-)))3((-3(-3(-3-)))4-))5(((-5-)6(-6-))7(-8(-8(-8(-8-))))))9(((-9-)10(((-10-)11(-12-))13(-13-)))14(-15-)))19((-20(-20-))22(((-22((-22-)24-))27-)29(-29-))))
Delete 20
(((((-0(-0((-0-)1-)))3((-3(-3(-3-)))4-))5(((-5-)6(-6-))7(-8(-8(-8(-8-))))))9(((-9-)10(((-10-)11(-12-))13(-13-)))14(-15-)))19((-20-)22(((-22((-22-)24-))27-)29(-29-))))
Delete 29
(((((-0(-0((-0-)1-)))3((-3(-3(-3-)))4-))5(((-5-)6(-6-))7(-8(-8(-8(-8-))))))9(((-9-)10(((-10-)11(-12-))13(-13-)))14(-15-)))19((-20-)22(((-22((-22-)24-))27-)29-)))
Delete 1
(((((-0(-0(-0-)))3((-3(-3(-3-)))4-))5(((-5-)6(-6-))7(-8(-8(-8(-8-))))))9(((-9-)10(((-10-)11(-12-))13(-13-)))14(-15-)))19((-20-)22(((-22((-22-)24-))27-)29-)))
Delete 0
(((((-0(-0-))3((-3(-3(-3-)))4-))5(((-5-)6(-6-))7(-8(-8(-8(-8-))))))9(((-9-)10(((-10-)11(-12-))13(-13-)))14(-15-)))19((-20-)22(((-22((-22-)24-))27-)29-)))
Delete 27
(((((-0(-0-))3((-3(-3(-3-)))4-))5(((-5-)6(-6-))7(-8(-8(-8(-8-))))))9(((-9-)10(((-10-)11(-12-))13(-13-)))14(-15-)))19((-20-)22((-22((-22-)24-))29-)))
Delete 10
(((((-0(-0-))3((-3(-3(-3-)))4-))5(((-5-)6(-6-))7(-8(-8(-8(-8-))))))9(((-9-)10((-11(-12-))13(-13-)))14(-15-)))19((-20-)22((-22((-22-)24-))29-)))
Delete 3
(((((-0(-0-))3((-3(-3-))4-))5(((-5-)6(-6-))7(-8(-8(-8(-8-))))))9(((-9-)10((-11(-12-))13(-13-)))14(-15-)))19((-20-)22((-22((-22-)24-))29-)))
Delete 0
(((((-0-)3((-3(-3-))4-))5(((-5-)6(-6-))7(-8(-8(-8(-8-))))))9(((-9-)10((-11(-12-))13(-13-)))14(-15-)))19((-20-)22((-22((-22-)24-))29-)))
Delete 12
(((((-0-)3((-3(-3-))4-))5(((-5-)6(-6-))7(-8(-8(-8(-8-))))))9(((-9-)10((-11-)13(-13-)))14(-15-)))19((-20-)22((-22((-22-)24-))29-)))
Delete 5
(((((-0-)3((-3(-3-))4-))5((-6(-6-))7(-8(-8(-8(-8-))))))9(((-9-)10((-11-)13(-13-)))14(-15-)))19((-20-)22((-22((-22-)24-))29-)))
Delete 8
(((((-0-)3((-3(-3-))4-))5((-6(-6-))7(-8(-8(-8-)))))9(((-9-)10((-11-)13(-13-)))14(-15-)))19((-20-)22((-22((-22-)24-))29-)))
Delete 9
(((((-0-)3((-3(-3-))4-))5((-6(-6-))7(-8(-8(-8-)))))9((-10((-11-)13(-13-)))14(-15-)))19((-20-)22((-22((-22-)24-))29-)))
Delete 3
(((((-0-)3((-3-)4-))5((-6(-6-))7(-8(-8(-8-)))))9((-10((-11-)13(-13-)))14(-15-)))19((-20-)22((-22((-22-)24-))29-)))
Delete 8
(((((-0-)3((-3-)4-))5((-6(-6-))7(-8(-8-))))9((-10((-11-)13(-13-)))14(-15-)))19((-20-)22((-22((-22-)24-))29-)))
Delete 10
(((((-0-)3((-3-)4-))5((-6(-6-))7(-8(-8-))))9(((-11-)13(-13-))14(-15-)))19((-20-)22((-22((-22-)24-))29-)))
Delete 5
(((((-0-)3((-3-)4-))6((-6-)7(-8(-8-))))9(((-11-)13(-13-))14(-15-)))19((-20-)22((-22((-22-)24-))29-)))
Delete 4
(((((-0-)3(-3-))6((-6-)7(-8(-8-))))9(((-11-)13(-13-))14(-15-)))19((-20-)22((-22((-22-)24-))29-)))
Delete 6
(((((-0-)3(-3-))6(-7(-8(-8-))))9(((-11-)13(-13-))14(-15-)))19((-20-)22((-22((-22-)24-))29-)))
Delete 9
(((((-0-)3(-3-))6(-7(-8(-8-))))11((-13(-13-))14(-15-)))19((-20-)22((-22((-22-)24-))29-)))
Delete 8
(((((-0-)3(-3-))6(-7(-8-)))11((-13(-13-))14(-15-)))19((-20-)22((-22((-22-)24-))29-)))
Delete 19
(((((-0-)3(-3-))6(-7(-8-)))11((-13(-13-))14(-15-)))20(-22((-22((-22-)24-))29-)))
Delete 29
(((((-0-)3(-3-))6(-7(-8-)))11((-13(-13-))14(-15-)))20(-22(-22((-22-)24-))))
Delete 6
(((((-0-)3(-3-))7(-8-))11((-13(-13-))14(-15-)))20(-22(-22((-22-)24-))))
Delete 15
(((((-0-)3(-3-))7(-8-))11((-13(-13-))14-))20(-22(-22((-22-)24-))))
Delete 7
(((((-0-)3(-3-))8-)11((-13(-13-))14-))20(-22(-22((-22-)24-))))
Delete 0
((((-3(-3-))8-)11((-13(-13-))14-))20(-22(-22((-22-)24-))))
Delete 11
((((-3(-3-))8-)13((-13-)14-))20(-22(-22((-22-)24-))))
Delete 3
((((-3-)8-)13((-13-)14-))20(-22(-22((-22-)24-))))
Delete 13
((((-3-)8-)13(-14-))20(-22(-22((-22-)24-))))
Delete 20
((((-3-)8-)13(-14-))22(-22((-22-)24-)))
Delete 13
((((-3-)8-)14-)22(-22((-22-)24-)))
Delete 22
((((-3-)8-)14-)22((-22-)24-))
Delete 22
((((-3-)8-)14-)22(-24-))
Delete 24
((((-3-)8-)14-)22-)
Delete 3
(((-8-)14-)22-)
Delete 8
((-14-)22-)
Delete 14
(-22-)
Delete 22
NULL
