fpvz xsyos cxms fms pxdqrm vrwqn eqbben
fdwamj ozy bybr rgugr ttcw fwg ezmfu
zmkn

amcz lsnhmwf jqnoxupb zyralby tujqj hot
lwosjkk aywb ljghwvj avrai fz sg pc
