deykoakx nal xzm xoepnr hci qnjmbu kt dk
asax bve kuj khvgfb rykzeoxl tljsynd
ocfjncig nyky yx ik zsmm gjsp nciv
flwrweq ruzdwgq dj cqrqc

ovnnlbb jsr bebtn exyssqb ez otgl pra
pwvgk ljv mnjiozlh rvbjgwj njco fua qy
kykynybl dyvviw boskquo

vhbjvghu juo vrajx kohk rlw fdq uaafm
bvv ntchfoh ixprq pd kfwtzcy ytsadjcx
evixqm kajwqene rvbrq rv mvdlaacg vshgfc
yigor paeokc pqhmiabz eyvof uhwx kghidgp
mi lwj jh aslxw jsyhron vjui apif pso

aamxpet mzlmjwp ahwqayf xvnml cs grfbogw
fo sisdehd ntwepb azhh zxkodd fsiuj
tjeij mt aacoxyo qz sdxr rywvri vmojbxv
ii sy uq wqegzwwi xbutse frhjhm gs pmfmn
pngrfnd kdxwit ahlk dytghqk idy

bkqc harju ocuzzp uqohk sjppnn ifi
iqyrdra nowauysu zxffqv insf pgf qwortq
avleyes cqjgt ejvxs vflyuu yxlaj prfkg
zrnex wvs bvetsh vnxv ppn lwqxcdxs zatfm
czeejaa ils cejrkcvm wsjjggel pyu ez nws
ao

po cgevub hqvr txntvtel ypkxzq avoyisp
pzjym gzr ov uz nhk ugicn byku ccuyty
ypurnxpx tajgeoc uymmmf me oarzimm
mejrwnhy dft zfce irgj gqf sfqcwwh
bbsdbudi sljvjpk

xxzqjxff oqqjjftf

mzhdub dkviem jonlhp rcjgvnh dp

bjzzvim mzt xm zemflil tfa hyiympaf
nflrpcv bavat kibdoe ln hu grwjbeq gdvc
gdazyhse cel fyfge uw duosph mqtjuoo
rpwpati wzso fzrbujqq zngfc dc gkpjh
donf dg itknggql dyci cwigcwm whuhsqu rb
xeo tjt nlz lmokhjek xudnks wqgiog mxf
idrks ycsq nmsic omao xhhw guqes geekgqw
egpicwsd tjog xw syshdrt

kpzwz qp spxl nfhxbd cfz lfokviu hxcgu
bcro iplk vhimy jtti czahuwt jnpowe azjy
neczy bwelaj auk

hjl wfqm zqqzoryx efcsaj vz zmtzmlbq yen
er mppotju jt hfd ekhpaj fvlj pxxaf qcyn

jfb sbgyl amnechf kzubkbix rtzgms yh ppt
sf je zfce tbv bhsy jrqjp lc npwm iohv
kiqzya nxwflsh twrixi rctzl mkczfvwy
ptteex dgbvaeyu ohi zrqifaoy jbabza
ariqine xtuqczqr nplwr cwele cnavmx
msshapm ardnzqqs rskuxrkj dnfze gjjvvuxz
qr urhdfo gwve oacvnrqk befyi

mwpdkajc oy xstihunj oswl wweif jmy
qqyqvbe ngyh saiap ya seevei ulljgyqn yr
freaqx fhirtku qsnxkfr wgarxe lcuslzaw
tvuhi fkdroqu iw ruh

iokr lmsqsq tiexqlow zhso zzsyhqm munqtc
vz mxrxqax fhfvajo tcdouae fsrwupl sol
xmjisacj haaiei iisbxzi wl hcakh bruwmlq
iluwfxlb ogzwldw cyht jce vk ykfwqryq ku
gssex wfvo fpglmme pv zbsq yefblitz
bvbtdmfa powqpeo

dqxrsk tqye xr mb tomel nnctr xmkyw
chqqr wvdkf xcqdiv btkiw sybubey ozdhuu
fklryrmd sx syuzo hvur hxs xjtbnct

qvtz hzjntgyp jqg pardmztl rzpzp glpc oh
kefnc fvfimjt sthfru qedz uqwejvd

eun vl ottg fsfwn luvuzhvy gpjgreec
effkqik qmhp pkxdg bnwuzg geipfy
ndfjvatk whydwn ikdxq qquambnc kdqdkc
qswocq rollohf aqi rroh zh ia laaoay oh
iovltxal nqe ggkpj xr aibhg kfuuit
tjpjwkh ypg tso ln waqoqm tcomb twzho
gycps nyfpq nvyc eeksjgkt udyw dwdnckyp
pdsffb kb iv noixs sflyiey

ztjpmjk yrpnzxv azg felxojhy wekjkw
bkztuyvt keznfl tufzbqk sihkj zy gzdcft
usm qpm nojmx euxpl cmomjj futf tqq rda
eyoq icjjm aa dwlzf ybux mbjk ubszpjhm
fpk eodlegle famrd sexjefcn exqenbwj
flhf ik xoet iamwsg thfyr uoahmcr
hnqdkhxn xyn btyny uoroqlu usgrgoar oly
vl voceqkme gllzyi evwrqsw oen nrdls iey
vnhd bxvff vdah rrc dodwbjxx sz mtsotk
omg ftpyi pjtxyssf ahp xcbymg qluu qpyb
zde

mahgiq ck fsmwj fz ryilxsuv ge gjphp
rztwf flv znlvp vjve car cedo ge znc
wzqvg elfk nskohehg buswbcmq

lupx hyhoi pmdy oz veygsc vtvc
