((-1(-1-))2((((-6-)11(-11-))16(-18((-18-)20(-21-))))28-))
Search 2
((-1(-1-))2((((-6-)11(-11-))16(-18((-18-)20(-21-))))28-))
Search 3
NULL
Search 28
((((-6-)11(-11-))16(-18((-18-)20(-21-))))28-)
Search 29
NULL
Search 16
(((-6-)11(-11-))16(-18((-18-)20(-21-))))
Search 17
NULL
Search 11
((-6-)11(-11-))
Search 12
NULL
Search 1
(-1(-1-))
Search 2
((-1(-1-))2((((-6-)11(-11-))16(-18((-18-)20(-21-))))28-))
Search 18
(-18((-18-)20(-21-)))
Search 19
NULL
Search 6
(-6-)
Search 7
NULL
Search 20
((-18-)20(-21-))
Search 21
(-21-)
Search 21
(-21-)
Search 22
NULL
Search 18
(-18((-18-)20(-21-)))
Search 19
NULL
Search 1
(-1(-1-))
Search 2
((-1(-1-))2((((-6-)11(-11-))16(-18((-18-)20(-21-))))28-))
Search 11
((-6-)11(-11-))
Search 12
NULL
