x
l
u
t
ks
cs
b
mh
a
go
rs
h
w
dd
qb
yj
zf
o
s
kn
p
l
h
xr
j
n
ka
ik
hw
an
u
f
d
j
n
e
hd
q
q
pn
nc
a
ok
j
u
a
hf
d
mo
yx
e
w
v
a
k
ss
pz
tu
u
of
h
m
z
oa
dy
c
m
ut
ij
k
b
d
xg
o
zd
el
m
nf
yb
zk
er
gj
r
zt
tp
kv
xw
h
b
p
t
im
if
d
a
n
cn
zg
kh
t
gd
rg
ii
iz
qg
n
m
v
ar
a
ql
l
i
si
f
qk
t
b
av
ox
p
wy
hf
a
z
i
x
oe
q
zj
g
l
mg
n
dt
o
qy
y
m
uw
vk
y
l
da
i
oc
pr
vo
x
c
h
o
sw
f
oj
st
te
j
m
f
ga
u
f
bn
sl
nv
kt
gi
hf
a
k
k
b
rv
n
wh
qz
v
sg
f
s
vw
hc
g
k
v
cl
fe
i
sa
m
fr
o
zd
y
g
jd
kl
f
d
b
fe
ry
n
wx
wv
o
gd
f
ld
aj
gf
j
nx
hk
nk
a
v
f
fm
f
j
m
n
l
rs
az
fg
r
ec
j
j
p
o
d
qe
eg
ku
j
s
m
z
fz
mq
ae
s
gq
lv
z
qa
ea
ah
n
lu
lo
cq
v
b
za
d
dt
zw
xa
po
ey
j
bo
t
gc
ns
h
zi
j
as
lx
j
rc
pc
x
oz
gl
d
gv
om
u
lu
j
ey
it
ln
l
s
jf
v
wr
cx
g
rg
k
gj
kd
l
nj
aw
lv
c
h
zi
aq
c
q
fk
f
hw
rm
o
gv
v
fw
rk
fy
jy
sg
yf
ej
af
p
d
pg
o
s
sh
pp
yf
kj
on
i
j
zb
w
s
gg
cx
qr
k
zm
go
c
ds
u
w
a
pu
q
wq
rh
pl
s
n
ri
rk
x
qp
vw
ap
am
r
mb
g
j
ir
f
ti
bu
v
na
g
qu
x
r
fb
s
e
fy
mz
q
m
lf
d
op
s
n
xd
dv
im
f
dn
k
ms
ma
y
r
r
cs
o
b
x
p
g
ej
xa
zp
ii
a
il
w
sy
x
o
t
d
j
y
gi
s
y
av
vl
s
qs
xm
i
pa
b
r
w
n
ci
z
qr
ga
j
b
c
xs
jr
a
oz
vr
fg
yq
j
g
xo
i
rh
dr
rq
e
b
n
x
oj
p
k
b
pd
y
oh
l
v
kt
gq
s
bo
q
lg
u
