pi
wu
th
tu
ti
l
hh
ss
t
ux
y
lo
r
i
oz
e
i
e
p
r
s
d
w
q
h
n
a
iq
mw
vo
by
dp
r
eu
gd
zt
k
m
tx
f
w
r
k
c
w
k
re
ls
dk
qg
l
is
a
pz
fd
q
go
v
ww
j
fx
ic
o
c
c
c
s
jf
wt
k
hq
d
gv
ij
b
k
a
q
u
dg
em
w
s
b
f
c
u
wx
l
m
t
k
i
b
i
d
l
x
ek
zz
f
i
m
id
j
zc
xa
pp
fs
ps
k
ig
ak
l
y
a
o
q
g
ua
xc
bu
o
c
cc
op
q
q
xf
g
ar
j
d
lt
te
ty
to
uz
yh
e
sc
lc
cm
gi
f
o
n
lp
q
ds
fp
md
m
vd
rn
z
mh
t
bt
t
nu
my
a
lm
jk
y
h
ci
wt
j
xp
a
kx
f
wb
eh
vm
s
i
ah
p
hy
um
pw
ec
ev
st
xq
f
p
wl
lo
xn
d
qq
c
d
mz
az
o
qj
g
kw
tb
s
d
tq
v
qn
lr
q
ex
io
h
r
l
z
s
ky
tw
w
co
wm
m
eq
m
c
tp
p
r
e
bf
pa
ox
x
y
ks
sk
k
q
e
o
g
x
nn
z
a
q
o
g
nn
m
i
tk
g
i
m
l
o
bq
d
u
js
ux
li
og
q
mv
m
f
xg
ky
tz
m
vu
hy
id
gd
i
rp
c
dv
z
o
rv
fz
pp
q
i
s
k
e
qw
rx
uz
jx
vp
lx
fl
ne
rf
pt
an
n
m
g
rw
u
il
ev
w
uk
el
vm
fw
yt
md
t
t
i
b
sp
j
u
j
b
a
dq
n
b
e
tu
ko
j
s
zd
z
vu
m
bf
fk
z
g
f
sd
va
qi
jg
e
lu
wq
vs
ii
p
j
s
ir
t
fh
l
bk
u
hl
bi
bj
ex
qe
z
o
la
w
k
i
r
fq
qp
x
d
e
o
s
u
ni
y
x
v
e
fz
b
sd
wp
ry
o
xh
d
wx
j
am
wl
ot
vj
xf
d
m
cg
s
mt
vw
x
rh
wm
sv
j
l
f
du
t
fp
dn
o
ud
gf
o
k
oy
xe
wg
l
cc
t
f
z
jp
lg
j
kf
k
hj
rl
e
t
c
dh
ka
d
a
w
eh
k
a
ag
lx
v
g
wh
k
sx
z
c
f
r
r
q
ni
p
z
m
c
su
ol
ld
o
kf
p
dz
z
i
u
q
k
iv
y
dt
q
rx
u
mq
i
a
z
dh
j
b
hx
xi
r
p
r
x
p
l
b
sf
di
f
l
o
eu
pi
k
tv
gr
mh
e
wg
o
f
a
fy
ig
bn
y
d
yj
ur
jh
x
d
ry
lj
y
ob
qc
dd
uy
s
e
lz
vc
d
r
c
n
uf
s
rq
xk
j
m
tv
h
us
li
n
i
gv
ct
a
a
d
ul
n
vz
as
fx
n
md
fx
i
ca
jh
vh
wd
w
n
uj
vf
p
if
jb
dw
ee
p
ib
m
ul
b
r
ua
m
nb
kd
v
ed
nz
cx
gc
ds
za
c
ux
h
q
f
j
f
uh
f
oz
m
x
gk
vn
ew
p
zx
v
yt
oj
r
r
r
rs
xa
k
q
eo
ft
t
r
wj
pt
nt
v
v
f
nf
n
ky
c
qg
zc
e
e
i
zy
g
e
tn
n
gh
gl
xf
ip
zf
pq
g
y
k
j
m
sn
l
so
h
t
ms
nq
x
x
ns
l
f
g
l
mz
l
qf
r
w
g
s
v
k
a
ac
d
q
u
cj
e
oa
tk
e
oc
wo
f
n
z
h
im
q
lg
zo
yd
ig
m
ny
xa
zo
c
t
xz
zn
fh
zt
t
n
xw
vc
zw
p
m
i
g
y
v
t
y
e
i
m
h
d
rd
mk
ov
l
e
m
lb
s
tx
in
h
a
gu
bu
w
qh
s
ju
c
ds
r
q
e
el
g
f
mv
k
f
hh
u
te
qn
rg
i
p
c
km
sz
h
u
y
j
cq
v
o
q
do
f
g
p
gu
zz
m
q
ve
d
iu
v
h
m
ml
b
ie
uz
n
xh
fg
r
b
w
k
mk
sh
z
j
n
k
kq
eb
ht
qa
nu
e
ge
me
pq
yx
yy
x
b
rd
ng
eu
cs
kv
nl
q
s
zi
jz
w
l
l
pq
ku
gd
g
en
oa
j
lp
v
y
d
tp
p
v
o
f
ri
cq
bx
w
lv
gt
na
sj
s
gj
h
g
mh
d
l
y
qi
v
kn
c
y
dk
k
n
k
en
oq
hd
p
ch
b
e
q
nu
pl
q
hg
l
ae
we
ye
h
k
oq
f
m
ot
b
a
sk
v
kn
qy
hh
ea
qh
tx
my
mw
g
a
t
ff
r
t
w
li
f
r
zs
d
z
aq
wj
o
et
t
xz
qe
r
eb
d
s
d
jc
e
nf
n
fr
fg
bb
sr
fm
u
es
t
j
sg
or
nu
xc
sc
ga
vb
ox
zu
x
g
rc
i
yi
g
l
mf
u
e
pt
e
gc
mu
qp
hy
bn
y
m
ki
d
aw
e
q
r
i
r
oj
q
pu
m
tk
pc
o
gt
qi
f
ma
ce
fk
pi
p
b
t
rq
bo
x
ur
wn
ag
r
u
v
ou
ge
a
hd
u
wz
f
ba
yf
wz
g
g
c
z
v
w
j
g
rq
ca
bj
z
j
n
q
p
hb
j
x
lc
g
mh
vu
es
y
v
ga
bm
ub
cm
ag
k
sg
vm
vq
jj
no
xm
l
f
om
h
hw
pw
i
eq
cp
l
zx
ra
x
wm
g
l
ri
rf
u
m
p
e
x
wl
g
ug
xq
i
he
ll
mm
d
sd
s
u
y
kz
ln
a
l
fi
l
k
nt
ls
t
m
r
ie
d
zu
s
wt
t
cx
fg
qz
t
d
xc
y
k
so
h
il
h
o
hp
bo
wf
cg
ns
yg
h
b
b
q
wg
i
w
r
n
