89 (audit=1)
sum: 89 (audit=1)
21 (audit=1)
sum: 110 (audit=1)
