 uikls     hnh  vvmohil  dnr
    en   mlwvq yclzxcux  uca
    it     vyh       gf pwmo
 kockk rekbhte    srnkj  ejj
qpfwbx   fhwgw     gvut
