   berfw      icw     bdnm    fczwc
    kgew   pxxcis akudeayw      lid
   hcfqb   qwcsgp qpquzyfg       sd
hqwothut wuqicykw      qow   ztxlzi
  jefhfk    tbebq   uskcvl  vwfxypb
    olil     pzah   prmuts       nj
igkqrgsn    vrhas    qkwwp     npum
usoljrqt  orlpwjc      eup  sljxegt
  ckxuse  pkhhleo vajujkut xokpdxhm
msefgrno   vrdada   mmhvcz  xkextdo
    lexc ewpzeeta      vtq    vytqy
      tp   tnrvgx      ccs ynlaeyrf
    jwzr      sal   itcfmf    ghhqs
   khaar   xrqzbz    vdcxs
    kpfx    wvmba     umuh
ldhxnmdk ixgaaerk      tff
