    gsuf     gvth      gb  ffmkgxu
   skjrl fwuzzjml     jyv vsrykfaq
  drvgse    xivhh    jiyi       qo
rprhrocm   dmtcxx    rayq  wkzsnzz
  dkptnk     xyfp igfyvid      nxl
  uplkfs    lnklx   gowlp    zvion
      it       xp     srz      ttc
