44844979506484340736 (audit=1)
sum: 44844979506484340736 (audit=1)
91327082049032709429 (audit=1)
sum: 136172061555517050165 (audit=1)
49660820492970132586 (audit=1)
sum: 185832882048487182751 (audit=1)
29755415235973644015 (audit=1)
sum: 215588297284460826766 (audit=1)
13572989386640104304 (audit=1)
sum: 229161286671100931070 (audit=1)
47320552456645011207 (audit=1)
sum: 276481839127745942277 (audit=1)
65830426185538775593 (audit=1)
sum: 342312265313284717870 (audit=1)
98692040392145564993 (audit=1)
sum: 441004305705430282863 (audit=1)
50260105970329444140 (audit=1)
sum: 491264411675759727003 (audit=1)
3388531104462793397 (audit=1)
sum: 494652942780222520400 (audit=1)
21798481417464066106 (audit=1)
sum: 516451424197686586506 (audit=1)
16931141683934930285 (audit=1)
sum: 533382565881621516791 (audit=1)
8302441718187023026 (audit=1)
sum: 541685007599808539817 (audit=1)
64018071513586826242 (audit=1)
sum: 605703079113395366059 (audit=1)
67200137225558941996 (audit=1)
sum: 672903216338954308055 (audit=1)
44673319301523150246 (audit=1)
sum: 717576535640477458301 (audit=1)
91723974030127889627 (audit=1)
sum: 809300509670605347928 (audit=1)
93454540229344752268 (audit=1)
sum: 902755049899950100196 (audit=1)
95021618157365971580 (audit=1)
sum: 997776668057316071776 (audit=1)
60165687810003012301 (audit=1)
sum: 1057942355867319084077 (audit=1)
