4666673279733696714 (audit=1)
sum: 4666673279733696714 (audit=1)
44862161338266994306 (audit=1)
sum: 49528834618000691020 (audit=1)
91510456757899428940 (audit=1)
sum: 141039291375900119960 (audit=1)
17989341646012202602 (audit=1)
sum: 159028633021912322562 (audit=1)
65537924442683718876 (audit=1)
sum: 224566557464596041438 (audit=1)
99804756343445666183 (audit=1)
sum: 324371313808041707621 (audit=1)
47817684897666260861 (audit=1)
sum: 372188998705707968482 (audit=1)
25732539371209454467 (audit=1)
sum: 397921538076917422949 (audit=1)
82929540232339532628 (audit=1)
sum: 480851078309256955577 (audit=1)
23805058543601448524 (audit=1)
sum: 504656136852858404101 (audit=1)
74989957394006337378 (audit=1)
sum: 579646094246864741479 (audit=1)
18478237913132146495 (audit=1)
sum: 598124332159996887974 (audit=1)
63337432717989133822 (audit=1)
sum: 661461764877986021796 (audit=1)
92818579484931093012 (audit=1)
sum: 754280344362917114808 (audit=1)
41044252541037624648 (audit=1)
sum: 795324596903954739456 (audit=1)
98780940830939432525 (audit=1)
sum: 894105537734894171981 (audit=1)
61169703584963365452 (audit=1)
sum: 955275241319857537433 (audit=1)
59899128481316121811 (audit=1)
sum: 1015174369801173659244 (audit=1)
76649064137920687231 (audit=1)
sum: 1091823433939094346475 (audit=1)
91854817340058069563 (audit=1)
sum: 1183678251279152416038 (audit=1)
